﻿Scope: 25 of 26 workspace projects
packages/adapter-utils typecheck$ tsc --noEmit
packages/shared typecheck$ tsc --noEmit
packages/adapter-utils typecheck: Done
packages/shared typecheck: Done
packages/adapters/claude-local typecheck$ tsc --noEmit
packages/adapters/codex-local typecheck$ tsc --noEmit
packages/adapters/cursor-local typecheck$ tsc --noEmit
packages/adapters/gemini-local typecheck$ tsc --noEmit
packages/adapters/gemini-local typecheck: Done
packages/adapters/openclaw-gateway typecheck$ tsc --noEmit
packages/adapters/cursor-local typecheck: Done
packages/adapters/opencode-local typecheck$ tsc --noEmit
packages/adapters/claude-local typecheck: Done
packages/adapters/pi-local typecheck$ tsc --noEmit
packages/adapters/codex-local typecheck: Done
packages/db typecheck$ tsc --noEmit
packages/adapters/openclaw-gateway typecheck: Done
packages/plugins/sdk typecheck$ pnpm --filter @paperclipai/shared build && tsc --noEmit
packages/adapters/opencode-local typecheck: Done
packages/adapters/pi-local typecheck: Done
packages/plugins/sdk typecheck: > @paperclipai/shared@0.3.1 build D:\new-projects\paperclip\packages\shared
packages/plugins/sdk typecheck: > tsc
packages/db typecheck: Done
packages/plugins/sdk typecheck: Done
packages/plugins/author-voice-profiles typecheck$ pnpm --filter @paperclipai/plugin-sdk build && tsc --noEmit
packages/plugins/create-paperclip-plugin typecheck$ tsc --noEmit
.../plugin-authoring-smoke-example typecheck$ pnpm --filter @paperclipai/plugin-sdk build && tsc --noEmit
.../examples/plugin-file-browser-example typecheck$ pnpm --filter @paperclipai/plugin-sdk build && tsc --noEmit
packages/plugins/author-voice-profiles typecheck: > @paperclipai/plugin-sdk@1.0.0 build D:\new-projects\paperclip\packages\plugins\sdk
packages/plugins/author-voice-profiles typecheck: > pnpm --filter @paperclipai/shared build && tsc
.../plugin-authoring-smoke-example typecheck: > @paperclipai/plugin-sdk@1.0.0 build D:\new-projects\paperclip\packages\plugins\sdk
.../plugin-authoring-smoke-example typecheck: > pnpm --filter @paperclipai/shared build && tsc
.../examples/plugin-file-browser-example typecheck: > @paperclipai/plugin-sdk@1.0.0 build D:\new-projects\paperclip\packages\plugins\sdk
.../examples/plugin-file-browser-example typecheck: > pnpm --filter @paperclipai/shared build && tsc
packages/plugins/create-paperclip-plugin typecheck: Done
.../examples/plugin-hello-world-example typecheck$ pnpm --filter @paperclipai/plugin-sdk build && tsc --noEmit
packages/plugins/author-voice-profiles typecheck: > @paperclipai/shared@0.3.1 build D:\new-projects\paperclip\packages\shared
packages/plugins/author-voice-profiles typecheck: > tsc
.../plugin-authoring-smoke-example typecheck: > @paperclipai/shared@0.3.1 build D:\new-projects\paperclip\packages\shared
.../plugin-authoring-smoke-example typecheck: > tsc
.../examples/plugin-file-browser-example typecheck: > @paperclipai/shared@0.3.1 build D:\new-projects\paperclip\packages\shared
.../examples/plugin-file-browser-example typecheck: > tsc
.../examples/plugin-hello-world-example typecheck: > @paperclipai/plugin-sdk@1.0.0 build D:\new-projects\paperclip\packages\plugins\sdk
.../examples/plugin-hello-world-example typecheck: > pnpm --filter @paperclipai/shared build && tsc
.../examples/plugin-hello-world-example typecheck: > @paperclipai/shared@0.3.1 build D:\new-projects\paperclip\packages\shared
.../examples/plugin-hello-world-example typecheck: > tsc
packages/plugins/author-voice-profiles typecheck: src/manifest.ts(1,48): error TS2307: Cannot find module '@paperclipai/plugin-sdk' or its corresponding type declarations.
packages/plugins/author-voice-profiles typecheck: src/ui/index.tsx(1,66): error TS2307: Cannot find module 'react' or its corresponding type declarations.
packages/plugins/author-voice-profiles typecheck: src/ui/index.tsx(2,63): error TS2307: Cannot find module '@paperclipai/plugin-sdk/ui' or its corresponding type declarations.
packages/plugins/author-voice-profiles typecheck: src/ui/index.tsx(3,32): error TS2307: Cannot find module '@paperclipai/plugin-sdk/ui' or its corresponding type declarations.
packages/plugins/author-voice-profiles typecheck: src/ui/index.tsx(170,41): error TS7006: Parameter 'entry' implicitly has an 'any' type.
packages/plugins/author-voice-profiles typecheck: src/ui/index.tsx(172,32): error TS7006: Parameter 'destination' implicitly has an 'any' type.
packages/plugins/author-voice-profiles typecheck: src/ui/index.tsx(172,64): error TS7006: Parameter 'profile' implicitly has an 'any' type.
packages/plugins/author-voice-profiles typecheck: src/ui/index.tsx(185,44): error TS7006: Parameter 'profile' implicitly has an 'any' type.
packages/plugins/author-voice-profiles typecheck: src/ui/index.tsx(214,26): error TS7026: JSX element implicitly has type 'any' because no interface 'JSX.IntrinsicElements' exists.
packages/plugins/author-voice-profiles typecheck: src/ui/index.tsx(214,26): error TS2875: This JSX tag requires the module path 'react/jsx-runtime' to exist, but none could be found. Make sure you have types for the appropriate package installed.
packages/plugins/author-voice-profiles typecheck: src/ui/index.tsx(214,73): error TS7026: JSX element implicitly has type 'any' because no interface 'JSX.IntrinsicElements' exists.
packages/plugins/author-voice-profiles typecheck: src/ui/index.tsx(215,23): error TS7026: JSX element implicitly has type 'any' because no interface 'JSX.IntrinsicElements' exists.
packages/plugins/author-voice-profiles typecheck: src/ui/index.tsx(215,74): error TS7026: JSX element implicitly has type 'any' because no interface 'JSX.IntrinsicElements' exists.
packages/plugins/author-voice-profiles typecheck: src/ui/index.tsx(216,21): error TS7026: JSX element implicitly has type 'any' because no interface 'JSX.IntrinsicElements' exists.
packages/plugins/author-voice-profiles typecheck: src/ui/index.tsx(216,89): error TS7026: JSX element implicitly has type 'any' because no interface 'JSX.IntrinsicElements' exists.
packages/plugins/author-voice-profiles typecheck: src/ui/index.tsx(219,5): error TS7026: JSX element implicitly has type 'any' because no interface 'JSX.IntrinsicElements' exists.
packages/plugins/author-voice-profiles typecheck: src/ui/index.tsx(220,7): error TS7026: JSX element implicitly has type 'any' because no interface 'JSX.IntrinsicElements' exists.
packages/plugins/author-voice-profiles typecheck: src/ui/index.tsx(221,9): error TS7026: JSX element implicitly has type 'any' because no interface 'JSX.IntrinsicElements' exists.
packages/plugins/author-voice-profiles typecheck: src/ui/index.tsx(221,78): error TS7026: JSX element implicitly has type 'any' because no interface 'JSX.IntrinsicElements' exists.
packages/plugins/author-voice-profiles typecheck: src/ui/index.tsx(222,9): error TS7026: JSX element implicitly has type 'any' because no interface 'JSX.IntrinsicElements' exists.
packages/plugins/author-voice-profiles typecheck: src/ui/index.tsx(224,9): error TS7026: JSX element implicitly has type 'any' because no interface 'JSX.IntrinsicElements' exists.
packages/plugins/author-voice-profiles typecheck: src/ui/index.tsx(226,11): error TS7026: JSX element implicitly has type 'any' because no interface 'JSX.IntrinsicElements' exists.
packages/plugins/author-voice-profiles typecheck: src/ui/index.tsx(227,50): error TS7006: Parameter 'destination' implicitly has an 'any' type.
packages/plugins/author-voice-profiles typecheck: src/ui/index.tsx(228,11): error TS7026: JSX element implicitly has type 'any' because no interface 'JSX.IntrinsicElements' exists.
packages/plugins/author-voice-profiles typecheck: src/ui/index.tsx(230,7): error TS7026: JSX element implicitly has type 'any' because no interface 'JSX.IntrinsicElements' exists.
packages/plugins/author-voice-profiles typecheck: src/ui/index.tsx(232,7): error TS7026: JSX element implicitly has type 'any' because no interface 'JSX.IntrinsicElements' exists.
packages/plugins/author-voice-profiles typecheck: src/ui/index.tsx(233,9): error TS7026: JSX element implicitly has type 'any' because no interface 'JSX.IntrinsicElements' exists.
packages/plugins/author-voice-profiles typecheck: src/ui/index.tsx(234,11): error TS7026: JSX element implicitly has type 'any' because no interface 'JSX.IntrinsicElements' exists.
packages/plugins/author-voice-profiles typecheck: src/ui/index.tsx(235,13): error TS7026: JSX element implicitly has type 'any' because no interface 'JSX.IntrinsicElements' exists.
packages/plugins/author-voice-profiles typecheck: src/ui/index.tsx(235,68): error TS7026: JSX element implicitly has type 'any' because no interface 'JSX.IntrinsicElements' exists.
packages/plugins/author-voice-profiles typecheck: src/ui/index.tsx(236,13): error TS7026: JSX element implicitly has type 'any' because no interface 'JSX.IntrinsicElements' exists.
packages/plugins/author-voice-profiles typecheck: src/ui/index.tsx(238,13): error TS7026: JSX element implicitly has type 'any' because no interface 'JSX.IntrinsicElements' exists.
packages/plugins/author-voice-profiles typecheck: src/ui/index.tsx(239,11): error TS7026: JSX element implicitly has type 'any' because no interface 'JSX.IntrinsicElements' exists.
packages/plugins/author-voice-profiles typecheck: src/ui/index.tsx(240,11): error TS7026: JSX element implicitly has type 'any' because no interface 'JSX.IntrinsicElements' exists.
packages/plugins/author-voice-profiles typecheck: src/ui/index.tsx(243,41): error TS7006: Parameter 'current' implicitly has an 'any' type.
packages/plugins/author-voice-profiles typecheck: src/ui/index.tsx(246,11): error TS7026: JSX element implicitly has type 'any' because no interface 'JSX.IntrinsicElements' exists.
packages/plugins/author-voice-profiles typecheck: src/ui/index.tsx(247,9): error TS7026: JSX element implicitly has type 'any' because no interface 'JSX.IntrinsicElements' exists.
packages/plugins/author-voice-profiles typecheck: src/ui/index.tsx(249,9): error TS7026: JSX element implicitly has type 'any' because no interface 'JSX.IntrinsicElements' exists.
packages/plugins/author-voice-profiles typecheck: src/ui/index.tsx(251,13): error TS7026: JSX element implicitly has type 'any' because no interface 'JSX.IntrinsicElements' exists.
packages/plugins/author-voice-profiles typecheck: src/ui/index.tsx(251,91): error TS7026: JSX element implicitly has type 'any' because no interface 'JSX.IntrinsicElements' exists.
packages/plugins/author-voice-profiles typecheck: src/ui/index.tsx(253,27): error TS7006: Parameter 'profile' implicitly has an 'any' type.
packages/plugins/author-voice-profiles typecheck: src/ui/index.tsx(253,36): error TS7006: Parameter 'index' implicitly has an 'any' type.
packages/plugins/author-voice-profiles typecheck: src/ui/index.tsx(254,15): error TS7026: JSX element implicitly has type 'any' because no interface 'JSX.IntrinsicElements' exists.
packages/plugins/author-voice-profiles typecheck: src/ui/index.tsx(255,17): error TS7026: JSX element implicitly has type 'any' because no interface 'JSX.IntrinsicElements' exists.
packages/plugins/author-voice-profiles typecheck: src/ui/index.tsx(256,19): error TS7026: JSX element implicitly has type 'any' because no interface 'JSX.IntrinsicElements' exists.
packages/plugins/author-voice-profiles typecheck: src/ui/index.tsx(258,19): error TS7026: JSX element implicitly has type 'any' because no interface 'JSX.IntrinsicElements' exists.
packages/plugins/author-voice-profiles typecheck: src/ui/index.tsx(259,19): error TS7026: JSX element implicitly has type 'any' because no interface 'JSX.IntrinsicElements' exists.
packages/plugins/author-voice-profiles typecheck: src/ui/index.tsx(262,49): error TS7006: Parameter 'current' implicitly has an 'any' type.
packages/plugins/author-voice-profiles typecheck: src/ui/index.tsx(262,77): error TS7006: Parameter 'entry' implicitly has an 'any' type.
packages/plugins/author-voice-profiles typecheck: src/ui/index.tsx(265,19): error TS7026: JSX element implicitly has type 'any' because no interface 'JSX.IntrinsicElements' exists.
packages/plugins/author-voice-profiles typecheck: src/ui/index.tsx(266,17): error TS7026: JSX element implicitly has type 'any' because no interface 'JSX.IntrinsicElements' exists.
packages/plugins/author-voice-profiles typecheck: src/ui/index.tsx(268,17): error TS7026: JSX element implicitly has type 'any' because no interface 'JSX.IntrinsicElements' exists.
packages/plugins/author-voice-profiles typecheck: src/ui/index.tsx(269,19): error TS7026: JSX element implicitly has type 'any' because no interface 'JSX.IntrinsicElements' exists.
packages/plugins/author-voice-profiles typecheck: src/ui/index.tsx(270,21): error TS7026: JSX element implicitly has type 'any' because no interface 'JSX.IntrinsicElements' exists.
packages/plugins/author-voice-profiles typecheck: src/ui/index.tsx(270,67): error TS7026: JSX element implicitly has type 'any' because no interface 'JSX.IntrinsicElements' exists.
packages/plugins/author-voice-profiles typecheck: src/ui/index.tsx(271,21): error TS7026: JSX element implicitly has type 'any' because no interface 'JSX.IntrinsicElements' exists.
packages/plugins/author-voice-profiles typecheck: src/ui/index.tsx(274,34): error TS7006: Parameter 'event' implicitly has an 'any' type.
packages/plugins/author-voice-profiles typecheck: src/ui/index.tsx(275,38): error TS7006: Parameter 'current' implicitly has an 'any' type.
packages/plugins/author-voice-profiles typecheck: src/ui/index.tsx(275,63): error TS7006: Parameter 'entry' implicitly has an 'any' type.
packages/plugins/author-voice-profiles typecheck: src/ui/index.tsx(282,23): error TS7026: JSX element implicitly has type 'any' because no interface 'JSX.IntrinsicElements' exists.
packages/plugins/author-voice-profiles typecheck: src/ui/index.tsx(282,66): error TS7026: JSX element implicitly has type 'any' because no interface 'JSX.IntrinsicElements' exists.
packages/plugins/author-voice-profiles typecheck: src/ui/index.tsx(283,42): error TS7006: Parameter 'destination' implicitly has an 'any' type.
packages/plugins/author-voice-profiles typecheck: src/ui/index.tsx(284,25): error TS7026: JSX element implicitly has type 'any' because no interface 'JSX.IntrinsicElements' exists.
packages/plugins/author-voice-profiles typecheck: src/ui/index.tsx(286,25): error TS7026: JSX element implicitly has type 'any' because no interface 'JSX.IntrinsicElements' exists.
packages/plugins/author-voice-profiles typecheck: src/ui/index.tsx(288,21): error TS7026: JSX element implicitly has type 'any' because no interface 'JSX.IntrinsicElements' exists.
packages/plugins/author-voice-profiles typecheck: src/ui/index.tsx(289,19): error TS7026: JSX element implicitly has type 'any' because no interface 'JSX.IntrinsicElements' exists.
packages/plugins/author-voice-profiles typecheck: src/ui/index.tsx(291,19): error TS7026: JSX element implicitly has type 'any' because no interface 'JSX.IntrinsicElements' exists.
packages/plugins/author-voice-profiles typecheck: src/ui/index.tsx(292,21): error TS7026: JSX element implicitly has type 'any' because no interface 'JSX.IntrinsicElements' exists.
packages/plugins/author-voice-profiles typecheck: src/ui/index.tsx(292,64): error TS7026: JSX element implicitly has type 'any' because no interface 'JSX.IntrinsicElements' exists.
packages/plugins/author-voice-profiles typecheck: src/ui/index.tsx(293,21): error TS7026: JSX element implicitly has type 'any' because no interface 'JSX.IntrinsicElements' exists.
packages/plugins/author-voice-profiles typecheck: src/ui/index.tsx(296,34): error TS7006: Parameter 'event' implicitly has an 'any' type.
packages/plugins/author-voice-profiles typecheck: src/ui/index.tsx(297,38): error TS7006: Parameter 'current' implicitly has an 'any' type.
packages/plugins/author-voice-profiles typecheck: src/ui/index.tsx(297,63): error TS7006: Parameter 'entry' implicitly has an 'any' type.
packages/plugins/author-voice-profiles typecheck: src/ui/index.tsx(303,19): error TS7026: JSX element implicitly has type 'any' because no interface 'JSX.IntrinsicElements' exists.
packages/plugins/author-voice-profiles typecheck: src/ui/index.tsx(305,19): error TS7026: JSX element implicitly has type 'any' because no interface 'JSX.IntrinsicElements' exists.
packages/plugins/author-voice-profiles typecheck: src/ui/index.tsx(306,21): error TS7026: JSX element implicitly has type 'any' because no interface 'JSX.IntrinsicElements' exists.
packages/plugins/author-voice-profiles typecheck: src/ui/index.tsx(306,68): error TS7026: JSX element implicitly has type 'any' because no interface 'JSX.IntrinsicElements' exists.
packages/plugins/author-voice-profiles typecheck: src/ui/index.tsx(307,21): error TS7026: JSX element implicitly has type 'any' because no interface 'JSX.IntrinsicElements' exists.
packages/plugins/author-voice-profiles typecheck: src/ui/index.tsx(310,34): error TS7006: Parameter 'event' implicitly has an 'any' type.
packages/plugins/author-voice-profiles typecheck: src/ui/index.tsx(311,38): error TS7006: Parameter 'current' implicitly has an 'any' type.
packages/plugins/author-voice-profiles typecheck: src/ui/index.tsx(311,63): error TS7006: Parameter 'entry' implicitly has an 'any' type.
packages/plugins/author-voice-profiles typecheck: src/ui/index.tsx(317,19): error TS7026: JSX element implicitly has type 'any' because no interface 'JSX.IntrinsicElements' exists.
packages/plugins/author-voice-profiles typecheck: src/ui/index.tsx(319,19): error TS7026: JSX element implicitly has type 'any' because no interface 'JSX.IntrinsicElements' exists.
packages/plugins/author-voice-profiles typecheck: src/ui/index.tsx(320,21): error TS7026: JSX element implicitly has type 'any' because no interface 'JSX.IntrinsicElements' exists.
packages/plugins/author-voice-profiles typecheck: src/ui/index.tsx(320,62): error TS7026: JSX element implicitly has type 'any' because no interface 'JSX.IntrinsicElements' exists.
packages/plugins/author-voice-profiles typecheck: src/ui/index.tsx(321,21): error TS7026: JSX element implicitly has type 'any' because no interface 'JSX.IntrinsicElements' exists.
packages/plugins/author-voice-profiles typecheck: src/ui/index.tsx(324,34): error TS7006: Parameter 'event' implicitly has an 'any' type.
packages/plugins/author-voice-profiles typecheck: src/ui/index.tsx(325,38): error TS7006: Parameter 'current' implicitly has an 'any' type.
packages/plugins/author-voice-profiles typecheck: src/ui/index.tsx(325,63): error TS7006: Parameter 'entry' implicitly has an 'any' type.
packages/plugins/author-voice-profiles typecheck: src/ui/index.tsx(331,19): error TS7026: JSX element implicitly has type 'any' because no interface 'JSX.IntrinsicElements' exists.
packages/plugins/author-voice-profiles typecheck: src/ui/index.tsx(333,19): error TS7026: JSX element implicitly has type 'any' because no interface 'JSX.IntrinsicElements' exists.
packages/plugins/author-voice-profiles typecheck: src/ui/index.tsx(334,21): error TS7026: JSX element implicitly has type 'any' because no interface 'JSX.IntrinsicElements' exists.
packages/plugins/author-voice-profiles typecheck: src/ui/index.tsx(334,64): error TS7026: JSX element implicitly has type 'any' because no interface 'JSX.IntrinsicElements' exists.
packages/plugins/author-voice-profiles typecheck: src/ui/index.tsx(335,21): error TS7026: JSX element implicitly has type 'any' because no interface 'JSX.IntrinsicElements' exists.
packages/plugins/author-voice-profiles typecheck: src/ui/index.tsx(338,34): error TS7006: Parameter 'event' implicitly has an 'any' type.
packages/plugins/author-voice-profiles typecheck: src/ui/index.tsx(339,38): error TS7006: Parameter 'current' implicitly has an 'any' type.
packages/plugins/author-voice-profiles typecheck: src/ui/index.tsx(339,63): error TS7006: Parameter 'entry' implicitly has an 'any' type.
packages/plugins/author-voice-profiles typecheck: src/ui/index.tsx(345,19): error TS7026: JSX element implicitly has type 'any' because no interface 'JSX.IntrinsicElements' exists.
packages/plugins/author-voice-profiles typecheck: src/ui/index.tsx(347,19): error TS7026: JSX element implicitly has type 'any' because no interface 'JSX.IntrinsicElements' exists.
packages/plugins/author-voice-profiles typecheck: src/ui/index.tsx(348,21): error TS7026: JSX element implicitly has type 'any' because no interface 'JSX.IntrinsicElements' exists.
packages/plugins/author-voice-profiles typecheck: src/ui/index.tsx(348,82): error TS7026: JSX element implicitly has type 'any' because no interface 'JSX.IntrinsicElements' exists.
packages/plugins/author-voice-profiles typecheck: src/ui/index.tsx(349,21): error TS7026: JSX element implicitly has type 'any' because no interface 'JSX.IntrinsicElements' exists.
packages/plugins/author-voice-profiles typecheck: src/ui/index.tsx(352,34): error TS7006: Parameter 'event' implicitly has an 'any' type.
packages/plugins/author-voice-profiles typecheck: src/ui/index.tsx(353,38): error TS7006: Parameter 'current' implicitly has an 'any' type.
packages/plugins/author-voice-profiles typecheck: src/ui/index.tsx(353,63): error TS7006: Parameter 'entry' implicitly has an 'any' type.
packages/plugins/author-voice-profiles typecheck: src/ui/index.tsx(359,19): error TS7026: JSX element implicitly has type 'any' because no interface 'JSX.IntrinsicElements' exists.
packages/plugins/author-voice-profiles typecheck: src/ui/index.tsx(361,19): error TS7026: JSX element implicitly has type 'any' because no interface 'JSX.IntrinsicElements' exists.
packages/plugins/author-voice-profiles typecheck: src/ui/index.tsx(362,21): error TS7026: JSX element implicitly has type 'any' because no interface 'JSX.IntrinsicElements' exists.
packages/plugins/author-voice-profiles typecheck: src/ui/index.tsx(362,70): error TS7026: JSX element implicitly has type 'any' because no interface 'JSX.IntrinsicElements' exists.
packages/plugins/author-voice-profiles typecheck: src/ui/index.tsx(363,21): error TS7026: JSX element implicitly has type 'any' because no interface 'JSX.IntrinsicElements' exists.
packages/plugins/author-voice-profiles typecheck: src/ui/index.tsx(366,34): error TS7006: Parameter 'event' implicitly has an 'any' type.
packages/plugins/author-voice-profiles typecheck: src/ui/index.tsx(367,38): error TS7006: Parameter 'current' implicitly has an 'any' type.
packages/plugins/author-voice-profiles typecheck: src/ui/index.tsx(367,63): error TS7006: Parameter 'entry' implicitly has an 'any' type.
packages/plugins/author-voice-profiles typecheck: src/ui/index.tsx(373,19): error TS7026: JSX element implicitly has type 'any' because no interface 'JSX.IntrinsicElements' exists.
packages/plugins/author-voice-profiles typecheck: src/ui/index.tsx(375,19): error TS7026: JSX element implicitly has type 'any' because no interface 'JSX.IntrinsicElements' exists.
packages/plugins/author-voice-profiles typecheck: src/ui/index.tsx(376,21): error TS7026: JSX element implicitly has type 'any' because no interface 'JSX.IntrinsicElements' exists.
packages/plugins/author-voice-profiles typecheck: src/ui/index.tsx(379,34): error TS7006: Parameter 'event' implicitly has an 'any' type.
packages/plugins/author-voice-profiles typecheck: src/ui/index.tsx(380,38): error TS7006: Parameter 'current' implicitly has an 'any' type.
packages/plugins/author-voice-profiles typecheck: src/ui/index.tsx(380,63): error TS7006: Parameter 'entry' implicitly has an 'any' type.
packages/plugins/author-voice-profiles typecheck: src/ui/index.tsx(386,19): error TS7026: JSX element implicitly has type 'any' because no interface 'JSX.IntrinsicElements' exists.
packages/plugins/author-voice-profiles typecheck: src/ui/index.tsx(387,17): error TS7026: JSX element implicitly has type 'any' because no interface 'JSX.IntrinsicElements' exists.
packages/plugins/author-voice-profiles typecheck: src/ui/index.tsx(388,15): error TS7026: JSX element implicitly has type 'any' because no interface 'JSX.IntrinsicElements' exists.
packages/plugins/author-voice-profiles typecheck: src/ui/index.tsx(391,9): error TS7026: JSX element implicitly has type 'any' because no interface 'JSX.IntrinsicElements' exists.
packages/plugins/author-voice-profiles typecheck: src/ui/index.tsx(393,9): error TS7026: JSX element implicitly has type 'any' because no interface 'JSX.IntrinsicElements' exists.
packages/plugins/author-voice-profiles typecheck: src/ui/index.tsx(394,11): error TS7026: JSX element implicitly has type 'any' because no interface 'JSX.IntrinsicElements' exists.
packages/plugins/author-voice-profiles typecheck: src/ui/index.tsx(396,11): error TS7026: JSX element implicitly has type 'any' because no interface 'JSX.IntrinsicElements' exists.
packages/plugins/author-voice-profiles typecheck: src/ui/index.tsx(397,9): error TS7026: JSX element implicitly has type 'any' because no interface 'JSX.IntrinsicElements' exists.
packages/plugins/author-voice-profiles typecheck: src/ui/index.tsx(398,7): error TS7026: JSX element implicitly has type 'any' because no interface 'JSX.IntrinsicElements' exists.
packages/plugins/author-voice-profiles typecheck: src/ui/index.tsx(399,5): error TS7026: JSX element implicitly has type 'any' because no interface 'JSX.IntrinsicElements' exists.
packages/plugins/author-voice-profiles typecheck: src/worker.ts(1,41): error TS2307: Cannot find module '@paperclipai/plugin-sdk' or its corresponding type declarations.
packages/plugins/author-voice-profiles typecheck: src/worker.ts(4,15): error TS7006: Parameter 'ctx' implicitly has an 'any' type.
packages/plugins/author-voice-profiles typecheck: Failed
D:\new-projects\paperclip\packages\plugins\author-voice-profiles:
 ERR_PNPM_RECURSIVE_RUN_FIRST_FAIL  @paperclipai/plugin-author-voice-profiles@0.1.0 typecheck: `pnpm --filter @paperclipai/plugin-sdk build && tsc --noEmit`
Exit status 2
 WARN   Local package.json exists, but node_modules missing, did you mean to install?
.../examples/plugin-kitchen-sink-example typecheck$ pnpm --filter @paperclipai/plugin-sdk build && tsc --noEmit
